// Jest Snapshot v1, https://goo.gl/fbAQLP

exports[`filters add 1`] = `
Object {
  "caseSensitive": true,
  "inverse": false,
  "on": true,
  "text": "text",
}
`;
