// Jest Snapshot v1, https://goo.gl/fbAQLP

exports[`highlights add 1`] = `
Object {
  "caseSensitive": true,
  "line": false,
  "on": true,
  "text": "text",
}
`;
